
> archviz@0.0.0 build
> tsc -b && vite build

src/components/nodes/ArchNode.tsx(63,45): error TS2339: Property 'findings' does not exist on type '{}'.
src/components/nodes/ArchNode.tsx(63,77): error TS18046: 'f' is of type 'unknown'.
src/components/nodes/ArchNode.tsx(65,57): error TS18046: 'f' is of type 'unknown'.
src/components/nodes/ArchNode.tsx(66,53): error TS18046: 'f' is of type 'unknown'.
src/components/nodes/GroupNode.tsx(16,30): error TS2538: Type '{}' cannot be used as an index type.
src/components/panels/AuthConfigPanel.tsx(18,22): error TS18046: 'data' is of type 'unknown'.
src/components/panels/AuthConfigPanel.tsx(19,28): error TS18046: 'data' is of type 'unknown'.
src/components/panels/AuthConfigPanel.tsx(20,27): error TS18046: 'data' is of type 'unknown'.
src/components/panels/AuthConfigPanel.tsx(22,50): error TS18046: 'data' is of type 'unknown'.
src/components/panels/AuthConfigPanel.tsx(24,14): error TS18046: 'data' is of type 'unknown'.
src/components/panels/AuthConfigPanel.tsx(30,50): error TS18046: 'data' is of type 'unknown'.
src/components/panels/ComputeConfigPanel.tsx(14,50): error TS18046: 'data' is of type 'unknown'.
src/components/panels/ComputeConfigPanel.tsx(25,50): error TS18046: 'data' is of type 'unknown'.
src/components/panels/ComputeConfigPanel.tsx(40,22): error TS18046: 'data' is of type 'unknown'.
src/components/panels/ComputeConfigPanel.tsx(41,28): error TS18046: 'data' is of type 'unknown'.
src/components/panels/ComputeConfigPanel.tsx(42,27): error TS18046: 'data' is of type 'unknown'.
src/components/panels/ComputeConfigPanel.tsx(44,49): error TS18046: 'data' is of type 'unknown'.
src/components/panels/ComputeConfigPanel.tsx(46,14): error TS18046: 'data' is of type 'unknown'.
src/components/panels/DatabaseConfigPanel.tsx(17,22): error TS18046: 'data' is of type 'unknown'.
src/components/panels/DatabaseConfigPanel.tsx(21,16): error TS18046: 'data' is of type 'unknown'.
src/components/panels/DatabaseConfigPanel.tsx(30,22): error TS18046: 'data' is of type 'unknown'.
src/components/panels/DatabaseConfigPanel.tsx(34,16): error TS18046: 'data' is of type 'unknown'.
src/components/panels/DatabaseConfigPanel.tsx(41,102): error TS18046: 'data' is of type 'unknown'.
src/components/panels/DatabaseConfigPanel.tsx(42,20): error TS18046: 'data' is of type 'unknown'.
src/components/panels/DatabaseConfigPanel.tsx(49,58): error TS18046: 'data' is of type 'unknown'.
src/components/panels/DatabaseConfigPanel.tsx(50,89): error TS18046: 'data' is of type 'unknown'.
src/components/panels/EdgeConfigPanel.tsx(74,56): error TS2322: Type 'Record<string, unknown>' is not assignable to type 'ConnectionType | undefined'.
src/components/panels/EdgeConfigPanel.tsx(84,56): error TS2322: Type 'Record<string, unknown>' is not assignable to type '"HTTPS" | "gRPC" | "WebSocket" | "TCP" | "AMQP" | "Custom" | undefined'.
src/components/panels/EdgeConfigPanel.tsx(95,56): error TS2322: Type 'Record<string, unknown>' is not assignable to type '"request" | "response" | "bidirectional" | "event" | undefined'.
src/components/panels/MiscPanels.tsx(19,20): error TS18046: 'data' is of type 'unknown'.
src/components/panels/MiscPanels.tsx(23,14): error TS18046: 'data' is of type 'unknown'.
src/components/panels/MiscPanels.tsx(29,48): error TS18046: 'data' is of type 'unknown'.
src/components/panels/MiscPanels.tsx(39,98): error TS18046: 'data' is of type 'unknown'.
src/components/panels/MiscPanels.tsx(40,18): error TS18046: 'data' is of type 'unknown'.
src/components/panels/MiscPanels.tsx(47,54): error TS18046: 'data' is of type 'unknown'.
src/components/panels/MiscPanels.tsx(48,85): error TS18046: 'data' is of type 'unknown'.
src/components/panels/MiscPanels.tsx(57,20): error TS18046: 'data' is of type 'unknown'.
src/components/panels/MiscPanels.tsx(58,26): error TS18046: 'data' is of type 'unknown'.
src/components/panels/MiscPanels.tsx(59,25): error TS18046: 'data' is of type 'unknown'.
src/components/panels/MiscPanels.tsx(61,45): error TS18046: 'data' is of type 'unknown'.
src/components/panels/MiscPanels.tsx(63,12): error TS18046: 'data' is of type 'unknown'.
src/components/panels/MiscPanels.tsx(72,20): error TS18046: 'data' is of type 'unknown'.
src/components/panels/MiscPanels.tsx(73,26): error TS18046: 'data' is of type 'unknown'.
src/components/panels/MiscPanels.tsx(74,25): error TS18046: 'data' is of type 'unknown'.
src/components/panels/MiscPanels.tsx(76,47): error TS18046: 'data' is of type 'unknown'.
src/components/panels/MiscPanels.tsx(78,12): error TS18046: 'data' is of type 'unknown'.
src/components/panels/MiscPanels.tsx(105,18): error TS18046: 'data' is of type 'unknown'.
src/components/panels/MiscPanels.tsx(111,48): error TS18046: 'data' is of type 'unknown'.
src/components/panels/MiscPanels.tsx(121,20): error TS18046: 'data' is of type 'unknown'.
src/components/panels/MiscPanels.tsx(125,14): error TS18046: 'data' is of type 'unknown'.
src/components/panels/MiscPanels.tsx(135,20): error TS18046: 'data' is of type 'unknown'.
src/components/panels/MiscPanels.tsx(136,26): error TS18046: 'data' is of type 'unknown'.
src/components/panels/MiscPanels.tsx(137,25): error TS18046: 'data' is of type 'unknown'.
src/components/panels/MiscPanels.tsx(139,49): error TS18046: 'data' is of type 'unknown'.
src/components/panels/MiscPanels.tsx(141,12): error TS18046: 'data' is of type 'unknown'.
src/components/panels/MiscPanels.tsx(155,48): error TS18046: 'data' is of type 'unknown'.
src/components/panels/MiscPanels.tsx(167,20): error TS18046: 'data' is of type 'unknown'.
src/components/panels/MiscPanels.tsx(168,26): error TS18046: 'data' is of type 'unknown'.
src/components/panels/MiscPanels.tsx(169,25): error TS18046: 'data' is of type 'unknown'.
src/components/panels/MiscPanels.tsx(171,52): error TS18046: 'data' is of type 'unknown'.
src/components/panels/MiscPanels.tsx(173,12): error TS18046: 'data' is of type 'unknown'.
src/components/panels/MiscPanels.tsx(179,18): error TS18046: 'data' is of type 'unknown'.
src/components/panels/MiscPanels.tsx(186,18): error TS18046: 'data' is of type 'unknown'.
src/components/panels/MiscPanels.tsx(196,20): error TS18046: 'data' is of type 'unknown'.
src/components/panels/MiscPanels.tsx(197,26): error TS18046: 'data' is of type 'unknown'.
src/components/panels/MiscPanels.tsx(198,25): error TS18046: 'data' is of type 'unknown'.
src/components/panels/MiscPanels.tsx(200,51): error TS18046: 'data' is of type 'unknown'.
src/components/panels/MiscPanels.tsx(202,12): error TS18046: 'data' is of type 'unknown'.
src/components/panels/MiscPanels.tsx(216,20): error TS18046: 'data' is of type 'unknown'.
src/components/panels/MiscPanels.tsx(220,15): error TS18046: 'data' is of type 'unknown'.
src/components/panels/MiscPanels.tsx(227,18): error TS18046: 'data' is of type 'unknown'.
src/components/panels/MiscPanels.tsx(236,22): error TS18046: 'data' is of type 'unknown'.
src/components/panels/MiscPanels.tsx(246,24): error TS18046: 'data' is of type 'unknown'.
src/components/panels/MiscPanels.tsx(247,30): error TS18046: 'data' is of type 'unknown'.
src/components/panels/MiscPanels.tsx(248,29): error TS18046: 'data' is of type 'unknown'.
src/components/panels/MiscPanels.tsx(250,52): error TS18046: 'data' is of type 'unknown'.
src/components/panels/MiscPanels.tsx(252,16): error TS18046: 'data' is of type 'unknown'.
src/components/panels/MiscPanels.tsx(268,20): error TS18046: 'data' is of type 'unknown'.
src/components/panels/MiscPanels.tsx(272,14): error TS18046: 'data' is of type 'unknown'.
src/components/panels/MiscPanels.tsx(279,18): error TS18046: 'data' is of type 'unknown'.
src/components/panels/MiscPanels.tsx(289,20): error TS18046: 'data' is of type 'unknown'.
src/components/panels/MiscPanels.tsx(290,26): error TS18046: 'data' is of type 'unknown'.
src/components/panels/MiscPanels.tsx(291,25): error TS18046: 'data' is of type 'unknown'.
src/components/panels/MiscPanels.tsx(293,48): error TS18046: 'data' is of type 'unknown'.
src/components/panels/MiscPanels.tsx(295,12): error TS18046: 'data' is of type 'unknown'.
src/components/panels/MiscPanels.tsx(301,18): error TS18046: 'data' is of type 'unknown'.
src/components/panels/MiscPanels.tsx(309,20): error TS18046: 'data' is of type 'unknown'.
src/components/panels/MiscPanels.tsx(313,14): error TS18046: 'data' is of type 'unknown'.
src/components/panels/MiscPanels.tsx(331,20): error TS18046: 'data' is of type 'unknown'.
src/components/panels/MiscPanels.tsx(335,14): error TS18046: 'data' is of type 'unknown'.
src/components/panels/MiscPanels.tsx(341,48): error TS18046: 'data' is of type 'unknown'.
src/components/panels/MiscPanels.tsx(349,48): error TS18046: 'data' is of type 'unknown'.
src/components/panels/MiscPanels.tsx(359,20): error TS18046: 'data' is of type 'unknown'.
src/components/panels/MiscPanels.tsx(363,14): error TS18046: 'data' is of type 'unknown'.
src/components/panels/MiscPanels.tsx(369,48): error TS18046: 'data' is of type 'unknown'.
src/components/panels/MiscPanels.tsx(384,20): error TS18046: 'data' is of type 'unknown'.
src/components/panels/MiscPanels.tsx(385,26): error TS18046: 'data' is of type 'unknown'.
src/components/panels/MiscPanels.tsx(386,25): error TS18046: 'data' is of type 'unknown'.
src/components/panels/MiscPanels.tsx(388,52): error TS18046: 'data' is of type 'unknown'.
src/components/panels/MiscPanels.tsx(390,12): error TS18046: 'data' is of type 'unknown'.
src/components/panels/MiscPanels.tsx(393,8): error TS18046: 'data' is of type 'unknown'.
src/components/panels/MiscPanels.tsx(397,20): error TS18046: 'data' is of type 'unknown'.
src/components/panels/ScalingConfigPanel.tsx(19,22): error TS18046: 'data' is of type 'unknown'.
src/components/panels/ScalingConfigPanel.tsx(23,16): error TS18046: 'data' is of type 'unknown'.
src/components/panels/ScalingConfigPanel.tsx(32,22): error TS18046: 'data' is of type 'unknown'.
src/components/panels/ScalingConfigPanel.tsx(36,16): error TS18046: 'data' is of type 'unknown'.
src/components/panels/ScalingConfigPanel.tsx(45,22): error TS18046: 'data' is of type 'unknown'.
src/components/panels/ScalingConfigPanel.tsx(49,16): error TS18046: 'data' is of type 'unknown'.
src/components/panels/ScalingConfigPanel.tsx(58,22): error TS18046: 'data' is of type 'unknown'.
src/components/panels/ScalingConfigPanel.tsx(62,16): error TS18046: 'data' is of type 'unknown'.
src/components/panels/ScalingConfigPanel.tsx(69,99): error TS18046: 'data' is of type 'unknown'.
src/components/panels/ScalingConfigPanel.tsx(70,20): error TS18046: 'data' is of type 'unknown'.
src/components/panels/ScalingConfigPanel.tsx(77,55): error TS18046: 'data' is of type 'unknown'.
src/components/panels/ScalingConfigPanel.tsx(78,86): error TS18046: 'data' is of type 'unknown'.
src/components/RightPanel.tsx(344,45): error TS2322: Type '{}' is not assignable to type 'string | number | readonly string[] | undefined'.
src/components/RightPanel.tsx(357,43): error TS2322: Type '{}' is not assignable to type 'string | number | readonly string[] | undefined'.
src/components/RightPanel.tsx(454,18): error TS18046: 'data.readReplicas' is of type 'unknown'.
src/components/RightPanel.tsx(458,61): error TS2363: The right-hand side of an arithmetic operation must be of type 'any', 'number', 'bigint' or an enum type.
src/components/RightPanel.tsx(462,9): error TS2322: Type 'unknown' is not assignable to type 'ReactNode'.
src/components/ToastSystem.tsx(127,33): error TS18046: 'e' is of type 'unknown'.
src/engine/terraformGenerator.ts(598,31): error TS2339: Property 'name' does not exist on type '{ mode?: string | undefined; type?: string | undefined; instances?: { attributes?: Record<string, unknown> | undefined; }[] | undefined; }'.
src/engine/terraformGenerator.ts(794,9): error TS18046: 'sDef' is of type 'unknown'.
src/engine/terraformGenerator.ts(794,43): error TS18046: 'sDef' is of type 'unknown'.
src/engine/terraformGenerator.ts(795,9): error TS18046: 'sDef' is of type 'unknown'.
src/engine/terraformGenerator.ts(795,47): error TS18046: 'sDef' is of type 'unknown'.
src/engine/terraformGenerator.ts(796,9): error TS18046: 'sDef' is of type 'unknown'.
src/engine/terraformGenerator.ts(798,7): error TS18046: 'sDef' is of type 'unknown'.
src/engine/terraformGenerator.ts(800,9): error TS18046: 'sDef' is of type 'unknown'.
src/engine/terraformGenerator.ts(802,7): error TS18046: 'sDef' is of type 'unknown'.
src/engine/terraformGenerator.ts(804,9): error TS18046: 'sDef' is of type 'unknown'.
src/engine/terraformGenerator.ts(806,7): error TS18046: 'sDef' is of type 'unknown'.
src/engine/terraformGenerator.ts(808,9): error TS18046: 'sDef' is of type 'unknown'.
src/engine/terraformGenerator.ts(809,47): error TS18046: 'sDef' is of type 'unknown'.
src/store/useArchStore.ts(567,45): error TS2339: Property 'config' does not exist on type '{}'.
src/store/useArchStore.ts(624,51): error TS2339: Property 'config' does not exist on type '{}'.
src/store/useArchStore.ts(672,53): error TS2339: Property 'config' does not exist on type '{}'.
src/store/useArchStore.ts(785,30): error TS2571: Object is of type 'unknown'.
src/store/useArchStore.ts(785,62): error TS2571: Object is of type 'unknown'.
